[themesflat.co/html/remos/index.html]
[backblue.gif]
[fade.gif]
[index.html]
[themesflat.co/html/remos/images/favicon.png]
[themesflat.co/html/remos/images/logo/logo.png]
[themesflat.co/html/remos/images/logo/logo-dark.png]
[themesflat.co/html/remos/home-2.html]
[themesflat.co/html/remos/home-3.html]
[themesflat.co/html/remos/home-4.html]
[themesflat.co/html/remos/home-boxed.html]
[themesflat.co/html/remos/home-menu-icon-hover.html]
[themesflat.co/html/remos/home-menu-icon-default.html]
[themesflat.co/html/remos/add-product.html]
[themesflat.co/html/remos/product-list.html]
[themesflat.co/html/remos/product-detail-1.html]
[themesflat.co/html/remos/product-detail-2.html]
[themesflat.co/html/remos/product-detail-3.html]
[themesflat.co/html/remos/category-list.html]
[themesflat.co/html/remos/new-category.html]
[themesflat.co/html/remos/attributes.html]
[themesflat.co/html/remos/add-attributes.html]
[themesflat.co/html/remos/oder-list.html]
[themesflat.co/html/remos/oder-detail.html]
[themesflat.co/html/remos/oder-tracking.html]
[themesflat.co/html/remos/all-user.html]
[themesflat.co/html/remos/add-new-user.html]
[themesflat.co/html/remos/login.html]
[themesflat.co/html/remos/sign-up.html]
[themesflat.co/html/remos/all-roles.html]
[themesflat.co/html/remos/create-role.html]
[themesflat.co/html/remos/gallery.html]
[themesflat.co/html/remos/report.html]
[themesflat.co/html/remos/countries.html]
[themesflat.co/html/remos/states.html]
[themesflat.co/html/remos/cities.html]
[themesflat.co/html/remos/setting.html]
[themesflat.co/html/remos/list-page.html]
[themesflat.co/html/remos/new-page.html]
[themesflat.co/html/remos/edit-page.html]
[themesflat.co/html/remos/components.html]
[themesflat.co/html/remos/images/menu-left/img-bot.png]
[themesflat.co/html/remos/images/products/17.png]
[themesflat.co/html/remos/images/products/18.png]
[themesflat.co/html/remos/images/products/19.png]
[themesflat.co/html/remos/images/products/20.png]
[themesflat.co/html/remos/images/products/21.png]
[themesflat.co/html/remos/images/products/22.png]
[themesflat.co/html/remos/images/products/23.png]
[themesflat.co/html/remos/images/country/1.png]
[themesflat.co/html/remos/images/country/9.png]
[themesflat.co/html/remos/images/avatar/user-11.png]
[themesflat.co/html/remos/images/avatar/user-12.png]
[themesflat.co/html/remos/images/avatar/user-13.png]
[themesflat.co/html/remos/images/apps/item-1.png]
[themesflat.co/html/remos/images/apps/item-2.png]
[themesflat.co/html/remos/images/apps/item-3.png]
[themesflat.co/html/remos/images/apps/item-4.png]
[themesflat.co/html/remos/images/apps/item-5.png]
[themesflat.co/html/remos/images/apps/item-6.png]
[themesflat.co/html/remos/images/apps/item-7.png]
[themesflat.co/html/remos/images/apps/item-8.png]
[themesflat.co/html/remos/images/apps/item-9.png]
[themesflat.co/html/remos/images/avatar/user-1.png]
[themesflat.co/html/remos/images/products/1.png]
[themesflat.co/html/remos/images/country/2.png]
[themesflat.co/html/remos/images/products/2.png]
[themesflat.co/html/remos/images/country/3.png]
[themesflat.co/html/remos/images/products/3.png]
[themesflat.co/html/remos/images/products/4.png]
[themesflat.co/html/remos/images/country/4.png]
[themesflat.co/html/remos/images/products/5.png]
[themesflat.co/html/remos/images/country/5.png]
[themesflat.co/html/remos/images/country/6.png]
[themesflat.co/html/remos/images/country/7.png]
[themesflat.co/html/remos/images/country/8.png]
[themesflat.co/html/remos/images/country/10.png]
[themesflat.co/html/remos/images/country/11.png]
[themesflat.co/html/remos/images/shop/1.png]
[themesflat.co/html/remos/images/shop/2.png]
[themesflat.co/html/remos/images/shop/3.png]
[themesflat.co/html/remos/images/shop/4.png]
[themesflat.co/html/remos/images/shop/5.png]
[themesflat.co/html/remos/images/shop/6.png]
[themesflat.co/html/remos/images/shop/7.png]
[themesflat.co/html/remos/images/products/6.png]
[themesflat.co/html/remos/images/products/7.png]
[themesflat.co/html/remos/images/products/8.png]
[themesflat.co/html/remos/images/products/9.png]
[themesflat.co/html/remos/images/products/10.png]
[themesflat.co/html/remos/images/products/11.png]
[themesflat.co/html/remos/images/products/12.png]
[themesflat.co/html/remos/images/products/13.png]
[themesflat.co/html/remos/images/products/14.png]
[themesflat.co/html/remos/images/products/15.png]
[themesflat.co/html/remos/images/avatar/user-2.png]
[themesflat.co/html/remos/images/avatar/user-3.png]
[themesflat.co/html/remos/images/avatar/user-4.png]
[themesflat.co/html/remos/images/avatar/user-5.png]
[themesflat.co/html/remos/js/jquery.min.js]
[themesflat.co/html/remos/js/bootstrap.min.js]
[themesflat.co/html/remos/js/bootstrap-select.min.js]
[themesflat.co/html/remos/js/zoom.js]
[themesflat.co/html/remos/js/apexcharts/apexcharts.js]
[themesflat.co/html/remos/js/apexcharts/line-chart-1.js]
[themesflat.co/html/remos/js/apexcharts/line-chart-2.js]
[themesflat.co/html/remos/js/apexcharts/line-chart-3.js]
[themesflat.co/html/remos/js/apexcharts/line-chart-4.js]
[themesflat.co/html/remos/js/apexcharts/line-chart-5.js]
[themesflat.co/html/remos/js/apexcharts/line-chart-6.js]
[themesflat.co/html/remos/js/switcher.js]
[themesflat.co/html/remos/js/theme-settings.js]
[themesflat.co/html/remos/js/main.js]
[themesflat.co/html/remos/index.html]
[themesflat.co/html/remos/css/animate.min.css]
[themesflat.co/html/remos/css/animation.css]
[themesflat.co/html/remos/css/bootstrap.css]
[themesflat.co/html/remos/css/bootstrap-select.min.css]
[themesflat.co/html/remos/images/bg-menu/img-1.jpg]
[themesflat.co/html/remos/images/bg-menu/img-2.jpg]
[themesflat.co/html/remos/images/bg-menu/img-3.jpg]
[themesflat.co/html/remos/images/bg-menu/img-4.jpg]
[themesflat.co/html/remos/images/bg-menu/img-5.jpg]
[themesflat.co/html/remos/css/style.css]
[themesflat.co/html/remos/font/fonts.css]
[themesflat.co/html/remos/icon/fonts/icomoon93d9.eot]
[themesflat.co/html/remos/icon/fonts/icomoon93d9.ttf]
[themesflat.co/html/remos/icon/fonts/icomoon93d9.woff]
[themesflat.co/html/remos/icon/style.css]
[themesflat.co/html/remos/images/products/16.png]
[themesflat.co/html/remos/images/products/24.png]
[themesflat.co/html/remos/images/products/25.png]
[themesflat.co/html/remos/images/products/26.png]
[themesflat.co/html/remos/images/products/27.png]
[themesflat.co/html/remos/images/products/28.png]
[themesflat.co/html/remos/images/products/29.png]
[themesflat.co/html/remos/images/products/30.png]
[themesflat.co/html/remos/js/jvectormap-1.2.2.min.js]
[themesflat.co/html/remos/js/jvectormap-us-lcc.js]
[themesflat.co/html/remos/js/jvectormap.js]
[themesflat.co/html/remos/js/apexcharts/line-chart-7.js]
[themesflat.co/html/remos/home-2.html]
[themesflat.co/html/remos/images/products/31.png]
[themesflat.co/html/remos/images/products/32.png]
[themesflat.co/html/remos/images/products/33.png]
[themesflat.co/html/remos/images/products/34.png]
[themesflat.co/html/remos/images/products/35.png]
[themesflat.co/html/remos/images/products/36.png]
[themesflat.co/html/remos/images/products/37.png]
[themesflat.co/html/remos/images/products/38.png]
[themesflat.co/html/remos/images/products/39.png]
[themesflat.co/html/remos/images/products/40.png]
[themesflat.co/html/remos/js/morris.min.js]
[themesflat.co/html/remos/js/raphael.min.js]
[themesflat.co/html/remos/js/morris.js]
[themesflat.co/html/remos/js/apexcharts/line-chart-8.js]
[themesflat.co/html/remos/js/apexcharts/line-chart-9.js]
[themesflat.co/html/remos/js/apexcharts/line-chart-10.js]
[themesflat.co/html/remos/home-3.html]
[themesflat.co/html/remos/images/images-section/goal.jpg]
[themesflat.co/html/remos/js/apexcharts/line-chart-17.js]
[themesflat.co/html/remos/js/apexcharts/line-chart-18.js]
[themesflat.co/html/remos/js/apexcharts/line-chart-19.js]
[themesflat.co/html/remos/js/apexcharts/line-chart-20.js]
[themesflat.co/html/remos/js/apexcharts/line-chart-21.js]
[themesflat.co/html/remos/js/apexcharts/line-chart-22.js]
[themesflat.co/html/remos/home-4.html]
[themesflat.co/html/remos/home-boxed.html]
[themesflat.co/html/remos/home-menu-icon-hover.html]
[themesflat.co/html/remos/home-menu-icon-default.html]
[themesflat.co/html/remos/images/upload/upload-1.png]
[themesflat.co/html/remos/images/upload/upload-2.png]
[themesflat.co/html/remos/add-product.html]
[themesflat.co/html/remos/images/products/41.png]
[themesflat.co/html/remos/images/products/42.png]
[themesflat.co/html/remos/images/products/43.png]
[themesflat.co/html/remos/images/products/44.png]
[themesflat.co/html/remos/images/products/45.png]
[themesflat.co/html/remos/images/products/46.png]
[themesflat.co/html/remos/images/products/47.png]
[themesflat.co/html/remos/images/products/48.png]
[themesflat.co/html/remos/images/products/49.png]
[themesflat.co/html/remos/images/products/50.png]
[themesflat.co/html/remos/product-list.html]
[themesflat.co/html/remos/images/products/product-detail-thumbs-1.png]
[themesflat.co/html/remos/images/products/product-detail-thumbs-2.png]
[themesflat.co/html/remos/images/products/product-detail-thumbs-3.png]
[themesflat.co/html/remos/images/products/product-detail-thumbs-4.png]
[themesflat.co/html/remos/images/products/product-detail-thumbs-5.png]
[themesflat.co/html/remos/images/products/product-detail-1.png]
[themesflat.co/html/remos/images/products/product-detail-2.png]
[themesflat.co/html/remos/images/products/product-detail-3.png]
[themesflat.co/html/remos/images/products/product-detail-4.png]
[themesflat.co/html/remos/images/products/product-detail-5.png]
[themesflat.co/html/remos/images/item-background/paypal.png]
[themesflat.co/html/remos/images/item-background/payment-1.png]
[themesflat.co/html/remos/images/item-background/payment-2.png]
[themesflat.co/html/remos/images/item-background/payment-3.png]
[themesflat.co/html/remos/images/item-background/payment-4.png]
[themesflat.co/html/remos/js/swiper-bundle.min.js]
[themesflat.co/html/remos/js/carousel.js]
[themesflat.co/html/remos/product-detail-1.html]
[themesflat.co/html/remos/product-detail-2.html]
[themesflat.co/html/remos/product-detail-3.html]
[themesflat.co/html/remos/images/products/51.png]
[themesflat.co/html/remos/images/products/52.png]
[themesflat.co/html/remos/images/products/53.png]
[themesflat.co/html/remos/images/products/54.png]
[themesflat.co/html/remos/images/products/55.png]
[themesflat.co/html/remos/images/products/56.png]
[themesflat.co/html/remos/images/products/57.png]
[themesflat.co/html/remos/images/products/58.png]
[themesflat.co/html/remos/images/products/59.png]
[themesflat.co/html/remos/images/products/60.png]
[themesflat.co/html/remos/category-list.html]
[themesflat.co/html/remos/new-category.html]
[themesflat.co/html/remos/attributes.html]
[themesflat.co/html/remos/add-attributes.html]
[themesflat.co/html/remos/oder-list.html]
[themesflat.co/html/remos/oder-detail.html]
[themesflat.co/html/remos/images/images-section/track-oder-1.png]
[themesflat.co/html/remos/oder-tracking.html]
[themesflat.co/html/remos/images/avatar/user-6.png]
[themesflat.co/html/remos/images/avatar/user-7.png]
[themesflat.co/html/remos/images/avatar/user-8.png]
[themesflat.co/html/remos/images/avatar/user-9.png]
[themesflat.co/html/remos/images/avatar/user-10.png]
[themesflat.co/html/remos/images/avatar/user-14.png]
[themesflat.co/html/remos/images/avatar/user-15.png]
[themesflat.co/html/remos/all-user.html]
[themesflat.co/html/remos/add-new-user.html]
[themesflat.co/html/remos/login.html]
[themesflat.co/html/remos/sign-up.html]
[themesflat.co/html/remos/create-roles.html]
[themesflat.co/html/remos/all-roles.html]
[themesflat.co/html/remos/create-role.html]
[themesflat.co/html/remos/images/images-section/all-gallery-1.png]
[themesflat.co/html/remos/images/images-section/all-gallery-2.png]
[themesflat.co/html/remos/images/images-section/all-gallery-3.png]
[themesflat.co/html/remos/images/images-section/all-gallery-4.png]
[themesflat.co/html/remos/images/images-section/all-gallery-5.png]
[themesflat.co/html/remos/images/images-section/all-gallery-6.png]
[themesflat.co/html/remos/images/images-section/all-gallery-7.png]
[themesflat.co/html/remos/images/images-section/all-gallery-8.png]
[themesflat.co/html/remos/images/images-section/all-gallery-9.png]
[themesflat.co/html/remos/images/images-section/all-gallery-10.png]
[themesflat.co/html/remos/images/images-section/all-gallery-11.png]
[themesflat.co/html/remos/images/images-section/all-gallery-12.png]
[themesflat.co/html/remos/images/images-section/all-gallery.png]
[themesflat.co/html/remos/gallery.html]
[themesflat.co/html/remos/js/apexcharts/line-chart-11.js]
[themesflat.co/html/remos/js/apexcharts/line-chart-12.js]
[themesflat.co/html/remos/js/apexcharts/line-chart-13.js]
[themesflat.co/html/remos/js/apexcharts/line-chart-14.js]
[themesflat.co/html/remos/js/apexcharts/line-chart-15.js]
[themesflat.co/html/remos/js/apexcharts/line-chart-16.js]
[themesflat.co/html/remos/report.html]
[themesflat.co/html/remos/countries.html]
[themesflat.co/html/remos/states.html]
[themesflat.co/html/remos/cities.html]
[themesflat.co/html/remos/setting.html]
[themesflat.co/html/remos/list-page.html]
[themesflat.co/html/remos/images/item-background/history.png]
[themesflat.co/html/remos/images/images-section/gallery-1.png]
[themesflat.co/html/remos/images/images-section/gallery-2.png]
[themesflat.co/html/remos/images/images-section/gallery-3.png]
[themesflat.co/html/remos/images/images-section/gallery-4.png]
[themesflat.co/html/remos/js/tinymce/tinymce.min.js]
[themesflat.co/html/remos/js/tinymce/tinymce-custom.js]
[themesflat.co/html/remos/new-page.html]
[themesflat.co/html/remos/edit-page.html]
[themesflat.co/html/remos/components.html]
[themesflat.co/html/remos/icon/fonts/icomoon93d9.svg]
[themesflat.co/html/remos/css/swiper-bundle.min.css]
[themesflat.co/html/remos/create-roles.html]
[themesflat.co/html/remos/create-roles.html]
[themesflat.co/html/remos/create-roles.html]
